src/components/common/Navbar.tsx(136,24): error TS2739: Type '{ children: Element; key: string; asChild: true; }' is missing the following properties from type '{ [x: string]: any; className: any; inset: any; variant?: string; }': className, inset
src/components/ui/accordion.tsx(12,11): error TS2322: Type '{ "data-slot": string; }' is not assignable to type 'IntrinsicAttributes & ((AccordionSingleProps | AccordionMultipleProps) & RefAttributes<HTMLDivElement>)'.
src/components/ui/accordion.tsx(20,6): error TS2741: Property 'value' is missing in type '{ "data-slot": string; className: string; }' but required in type 'AccordionItemProps'.
src/components/ui/button.tsx(55,38): error TS2322: Type 'string' is not assignable to type '"default" | "link" | "destructive" | "outline" | "secondary" | "ghost"'.
src/components/ui/button.tsx(55,47): error TS2322: Type 'string' is not assignable to type '"default" | "xs" | "sm" | "lg" | "icon" | "icon-xs" | "icon-sm" | "icon-lg"'.
src/components/ui/dropdown-menu.tsx(109,6): error TS2741: Property 'value' is missing in type '{ children: any[]; "data-slot": string; className: string; }' but required in type 'Omit<MenuRadioItemProps & RefAttributes<HTMLDivElement>, "ref">'.
src/components/ui/sheet.tsx(57,8): error TS2741: Property 'className' is missing in type '{}' but required in type '{ [x: string]: any; className: any; }'.
